PASS147_ACTOR_STEP 0 VERSION
PASS147_ACTOR_STEP 1 PUBLIC_DOCUMENTATION_INSTALL
PASS147_ACTOR_STEP 2 EXTERNAL_AGENT_BOOTSTRAP
PASS147_ACTOR_STEP 3 CAPABILITY_DISCOVERY
PASS147_ACTOR_STEP 4 COMMAND_SCHEMA_INSPECTION
PASS147_ACTOR_STEP 5 API_SCHEMA_INSPECTION
PASS147_ACTOR_STEP 6 DOCUMENTATION_QUERY
PASS147_ACTOR_STEP 7 KNOWLEDGE_ENVIRONMENT_CREATE
PASS147_ACTOR_STEP 8 DOCUMENT_INGESTION
PASS147_ACTOR_STEP 9 KNOWLEDGE_QUERY
PASS147_ACTOR_STEP 10 BAD_SCRIPT_IMPORT
PASS147_ACTOR_STEP 11 DELIBERATE_FAILURE
PASS147_ACTOR_STEP 12 FAILURE_DIAGNOSIS
PASS147_ACTOR_STEP 13 REPAIRED_SCRIPT_IMPORT
PASS147_ACTOR_STEP 14 REPAIRED_SCRIPT_VALIDATE
PASS147_ACTOR_STEP 15 SCRIPT_EXECUTE
PASS147_ACTOR_STEP 16 SCRIPT_STATE_INSPECT
PASS147_ACTOR_STEP 17 LVM_CREATE
PASS147_ACTOR_STEP 18 LVM_EXECUTE
PASS147_ACTOR_STEP 19 LVM_INSPECT
PASS147_ACTOR_STEP 20 LVM_REPLAY
PASS147_ACTOR_STEP 21 WORKSPACE_CREATE
PASS147_ACTOR_STEP 22 WORKSPACE_ADD_SCRIPT
PASS147_ACTOR_STEP 23 WORKSPACE_ADD_LVM
PASS147_ACTOR_STEP 24 RECEIPT_CHAIN_VERIFY
PASS147_ACTOR_STEP 25 SOURCE_REPLAY
PASS147_ACTOR_STEP 26 PROJECT_EXPORT
